[
  {
    "id": "aaaaaaaa-1111-2222-3333-444444444444",
    "name": "My Launchpad",
    "type": "launchpad",
    "owner": "user-a@example.invalid",
    "isPrivate": false,
    "version": 1
  },
  {
    "id": "bbbbbbbb-2222-3333-4444-555555555555",
    "name": "App Config",
    "type": "my-app:config",
    "owner": "user-b@example.invalid",
    "isPrivate": true,
    "description": "Configuration for my custom app",
    "version": 2
  },
  {
    "id": "cccccccc-3333-4444-5555-666666666666",
    "name": "Production Overview",
    "type": "dashboard",
    "owner": "user-c@example.invalid",
    "isPrivate": false,
    "version": 5
  }
]
