- id: aaaaaaaa-1111-2222-3333-444444444444
  name: My Launchpad
  type: launchpad
  owner: user-a@example.invalid
  isprivate: false
  created: 2025-03-15T10:30:00Z
  description: ""
  version: 1
  modified: 2025-03-15T11:30:00Z
  content: []
- id: bbbbbbbb-2222-3333-4444-555555555555
  name: App Config
  type: my-app:config
  owner: user-b@example.invalid
  isprivate: true
  created: 2025-03-13T10:30:00Z
  description: Configuration for my custom app
  version: 2
  modified: 2025-03-14T10:30:00Z
  content: []
- id: cccccccc-3333-4444-5555-666666666666
  name: Production Overview
  type: dashboard
  owner: user-c@example.invalid
  isprivate: false
  created: 2025-03-12T10:30:00Z
  description: ""
  version: 5
  modified: 2025-03-15T08:30:00Z
  content: []
